// Jest Snapshot v1, https://goo.gl/fbAQLP

exports[`<EmojiOption /> renders without crashing 1`] = `ShallowWrapper {}`;
