// Jest Snapshot v1, https://goo.gl/fbAQLP

exports[`<ActivityTable /> renders correctly 1`] = `
<Empty
  description="No activities...yet!"
/>
`;
