// Jest Snapshot v1, https://goo.gl/fbAQLP

exports[`<SkippedGraph /> matches snapshots 1`] = `ShallowWrapper {}`;
