// Jest Snapshot v1, https://goo.gl/fbAQLP

exports[`<MileageGraph /> matches snapshots 1`] = `ShallowWrapper {}`;
