// Jest Snapshot v1, https://goo.gl/fbAQLP

exports[`<AddActivityForm /> renders correctly 1`] = `
<div
  className="form-flex"
>
  <ForwardRef(InternalForm)
    autoComplete="off"
    initialValues={
      Object {
        "activity_date": "2020-06-15T02:13:54.115Z",
        "unit": "miles",
      }
    }
    labelCol={
      Object {
        "span": 6,
      }
    }
    name="add-activity"
    onValuesChange={[Function]}
    wrapperCol={
      Object {
        "span": 12,
      }
    }
  >
    <FormItem
      label="Activity Name"
      name="name"
    >
      <Input
        className="fullWidth"
        data-lpignore="true"
        placeholder="Example: Test's Favorite Run"
        type="text"
      />
    </FormItem>
    <FormItem
      label="Activity Date"
      name="activity_date"
      rules={
        Array [
          Object {
            "message": "Activity Date is required",
            "required": true,
          },
        ]
      }
    >
      <Picker
        className="fullWidth"
        format="MMMM Do, YYYY"
        placeholder="2020-01-01"
      />
    </FormItem>
    <FormItem
      label="Activity Type"
      name="activity_type_id"
      rules={
        Array [
          Object {
            "message": "Activity Type is required",
            "required": true,
          },
        ]
      }
    >
      <Select
        allowClear={true}
        bordered={true}
        choiceTransitionName="zoom"
        optionFilterProp="children"
        placeholder="Choose your activity type..."
        showSearch={true}
        transitionName="slide-up"
      >
        <Option
          key="1"
          value={1}
        >
          Running
        </Option>
        <Option
          key="2"
          value={2}
        >
          Biking
        </Option>
      </Select>
    </FormItem>
    <FormItem
      label="Duration"
      name="duration"
      rules={
        Array [
          Object {
            "message": "Duration is required",
            "required": true,
          },
        ]
      }
    >
      <DurationPicker />
    </FormItem>
    <FormItem
      className="distance-wrapper"
      label="Distance"
    >
      <FormItem
        className="inline-item"
        name="distance"
      >
        <InputNumber
          min={0}
          placeholder={5}
          precision={2}
          step={0.1}
        />
      </FormItem>
      <FormItem
        className="unit inline-item"
        name="unit"
      >
        <Select
          bordered={true}
          choiceTransitionName="zoom"
          transitionName="slide-up"
        >
          <Option
            value="miles"
          >
            miles
          </Option>
          <Option
            value="yards"
          >
            yards
          </Option>
        </Select>
      </FormItem>
    </FormItem>
    <FormItem
      label="Heart Rate"
      name="heart_rate"
    >
      <InputNumber
        className="fullWidth"
        data-lpignore="true"
        max={250}
        min={1}
        placeholder="Average Beats per Minute"
        step={1}
      />
    </FormItem>
  </ForwardRef(InternalForm)>
</div>
`;
